42 is a string.
42 is a number.
42 is an object.
[object Object] is an object.
true is a boolean.
undefined is an undefined.
